// Jest Snapshot v1, https://goo.gl/fbAQLP

exports[`renders demo correctly 1`] = `
<div>
  <div>
    <div class="van-collapse van-hairline--top-bottom">
      <div class="van-collapse-item">
        <div role="button" tabindex="0" aria-expanded="true" class="van-cell van-cell--clickable van-collapse-item__title van-collapse-item__title--expanded">
          <div class="van-cell__title"><span>标题1</span></div><i class="van-icon van-icon-arrow van-cell__right-icon">
            <!----></i>
        </div>
        <div class="van-collapse-item__wrapper">
          <div class="van-collapse-item__content">
            代码是写出来给人看的，附带能在机器上运行
          </div>
        </div>
      </div>
      <div class="van-collapse-item van-collapse-item--border">
        <div role="button" tabindex="0" aria-expanded="false" class="van-cell van-cell--clickable van-collapse-item__title">
          <div class="van-cell__title"><span>标题2</span></div><i class="van-icon van-icon-arrow van-cell__right-icon">
            <!----></i>
        </div>
      </div>
      <div class="van-collapse-item van-collapse-item--border">
        <div role="button" tabindex="0" aria-expanded="false" class="van-cell van-cell--clickable van-collapse-item__title">
          <div class="van-cell__title"><span>标题3</span></div><i class="van-icon van-icon-arrow van-cell__right-icon">
            <!----></i>
        </div>
      </div>
    </div>
  </div>
  <div>
    <div class="van-collapse van-hairline--top-bottom">
      <div class="van-collapse-item">
        <div role="button" tabindex="0" aria-expanded="true" class="van-cell van-cell--clickable van-collapse-item__title van-collapse-item__title--expanded">
          <div class="van-cell__title"><span>标题1</span></div><i class="van-icon van-icon-arrow van-cell__right-icon">
            <!----></i>
        </div>
        <div class="van-collapse-item__wrapper">
          <div class="van-collapse-item__content">
            代码是写出来给人看的，附带能在机器上运行
          </div>
        </div>
      </div>
      <div class="van-collapse-item van-collapse-item--border">
        <div role="button" tabindex="0" aria-expanded="false" class="van-cell van-cell--clickable van-collapse-item__title">
          <div class="van-cell__title"><span>标题2</span></div><i class="van-icon van-icon-arrow van-cell__right-icon">
            <!----></i>
        </div>
      </div>
      <div class="van-collapse-item van-collapse-item--border">
        <div role="button" tabindex="0" aria-expanded="false" class="van-cell van-cell--clickable van-collapse-item__title">
          <div class="van-cell__title"><span>标题3</span></div><i class="van-icon van-icon-arrow van-cell__right-icon">
            <!----></i>
        </div>
      </div>
    </div>
  </div>
  <div>
    <div class="van-collapse van-hairline--top-bottom">
      <div class="van-collapse-item">
        <div role="button" tabindex="0" aria-expanded="false" class="van-cell van-cell--clickable van-collapse-item__title">
          <div class="van-cell__title"><span>标题1</span></div><i class="van-icon van-icon-arrow van-cell__right-icon">
            <!----></i>
        </div>
      </div>
      <div class="van-collapse-item van-collapse-item--border">
        <div role="button" tabindex="-1" aria-expanded="false" class="van-cell van-cell--clickable van-collapse-item__title van-collapse-item__title--disabled">
          <div class="van-cell__title"><span>标题2</span></div><i class="van-icon van-icon-arrow van-cell__right-icon">
            <!----></i>
        </div>
      </div>
      <div class="van-collapse-item van-collapse-item--border">
        <div role="button" tabindex="-1" aria-expanded="false" class="van-cell van-cell--clickable van-collapse-item__title van-collapse-item__title--disabled">
          <div class="van-cell__title"><span>标题3</span></div><i class="van-icon van-icon-arrow van-cell__right-icon">
            <!----></i>
        </div>
      </div>
    </div>
  </div>
  <div>
    <div class="van-collapse van-hairline--top-bottom">
      <div class="van-collapse-item">
        <div role="button" tabindex="0" aria-expanded="false" class="van-cell van-cell--clickable van-collapse-item__title">
          <div class="van-cell__title">
            标题1<i class="van-icon van-icon-question-o">
              <!----></i></div><i class="van-icon van-icon-arrow van-cell__right-icon">
            <!----></i>
        </div>
      </div>
      <div class="van-collapse-item van-collapse-item--border">
        <div role="button" tabindex="0" aria-expanded="false" class="van-cell van-cell--clickable van-collapse-item__title"><i class="van-icon van-icon-shop-o van-cell__left-icon">
            <!----></i>
          <div class="van-cell__title"><span>标题2</span></div>
          <div class="van-cell__value"><span>内容</span></div><i class="van-icon van-icon-arrow van-cell__right-icon">
            <!----></i>
        </div>
      </div>
    </div>
  </div>
</div>
`;
