// Jest Snapshot v1, https://goo.gl/fbAQLP

exports[`renders demo correctly 1`] = `
<div>
  <div>
    <div class="van-search">
      <div class="van-search__content van-search__content--square">
        <div class="van-cell van-cell--borderless van-field">
          <div class="van-field__left-icon"><i class="van-icon van-icon-search">
              <!----></i></div>
          <div class="van-cell__value van-cell__value--alone van-field__value">
            <div class="van-field__body"><input type="search" placeholder="请输入搜索关键词" class="van-field__control"></div>
          </div>
        </div>
      </div>
    </div>
  </div>
  <div>
    <form action="/">
      <div class="van-search van-search--show-action">
        <div class="van-search__content van-search__content--square">
          <div class="van-cell van-cell--borderless van-field">
            <div class="van-field__left-icon"><i class="van-icon van-icon-search">
                <!----></i></div>
            <div class="van-cell__value van-cell__value--alone van-field__value">
              <div class="van-field__body"><input type="search" placeholder="请输入搜索关键词" class="van-field__control"></div>
            </div>
          </div>
        </div>
        <div role="button" tabindex="0" class="van-search__action">取消</div>
      </div>
    </form>
  </div>
  <div>
    <div class="van-search">
      <div class="van-search__content van-search__content--square">
        <div class="van-cell van-cell--borderless van-field">
          <div class="van-field__left-icon"><i class="van-icon van-icon-search">
              <!----></i></div>
          <div class="van-cell__value van-cell__value--alone van-field__value">
            <div class="van-field__body"><input type="search" placeholder="请输入搜索关键词" class="van-field__control van-field__control--center"></div>
          </div>
        </div>
      </div>
    </div>
  </div>
  <div>
    <div class="van-search">
      <div class="van-search__content van-search__content--square">
        <div class="van-cell van-cell--borderless van-field van-field--disabled">
          <div class="van-field__left-icon"><i class="van-icon van-icon-search">
              <!----></i></div>
          <div class="van-cell__value van-cell__value--alone van-field__value">
            <div class="van-field__body"><input type="search" disabled="disabled" placeholder="请输入搜索关键词" class="van-field__control"></div>
          </div>
        </div>
      </div>
    </div>
  </div>
  <div>
    <div class="van-search" style="background: rgb(79, 192, 141);">
      <div class="van-search__content van-search__content--round">
        <div class="van-cell van-cell--borderless van-field">
          <div class="van-field__left-icon"><i class="van-icon van-icon-search">
              <!----></i></div>
          <div class="van-cell__value van-cell__value--alone van-field__value">
            <div class="van-field__body"><input type="search" placeholder="请输入搜索关键词" class="van-field__control"></div>
          </div>
        </div>
      </div>
    </div>
  </div>
  <div>
    <div class="van-search van-search--show-action">
      <div class="van-search__content van-search__content--square">
        <div class="van-search__label">地址</div>
        <div class="van-cell van-cell--borderless van-field">
          <div class="van-field__left-icon"><i class="van-icon van-icon-search">
              <!----></i></div>
          <div class="van-cell__value van-cell__value--alone van-field__value">
            <div class="van-field__body"><input type="search" placeholder="请输入搜索关键词" class="van-field__control"></div>
          </div>
        </div>
      </div>
      <div role="button" tabindex="0" class="van-search__action">
        <div>搜索</div>
      </div>
    </div>
  </div>
</div>
`;
