// Jest Snapshot v1, https://goo.gl/fbAQLP

exports[`renders demo correctly 1`] = `
<div>
  <div>
    <div class="van-contact-edit">
      <div class="van-contact-edit__fields">
        <div class="van-cell van-field">
          <div class="van-cell__title van-field__label"><span>姓名</span></div>
          <div class="van-cell__value van-field__value">
            <div class="van-field__body"><input type="text" placeholder="请填写姓名" class="van-field__control"></div>
          </div>
        </div>
        <div class="van-cell van-field">
          <div class="van-cell__title van-field__label"><span>电话</span></div>
          <div class="van-cell__value van-field__value">
            <div class="van-field__body"><input type="tel" placeholder="请填写电话" class="van-field__control"></div>
          </div>
        </div>
      </div>
      <div class="van-cell van-cell--borderless van-contact-edit__switch-cell">
        <div class="van-cell__title"><span>设为默认联系人</span></div>
        <div role="switch" aria-checked="false" class="van-switch" style="font-size: 24px;">
          <div class="van-switch__node"></div>
        </div>
      </div>
      <div class="van-contact-edit__buttons"><button class="van-button van-button--danger van-button--normal van-button--block van-button--round">
          <div class="van-button__content"><span class="van-button__text">保存</span></div>
        </button><button class="van-button van-button--default van-button--normal van-button--block van-button--round">
          <div class="van-button__content"><span class="van-button__text">删除</span></div>
        </button></div>
    </div>
  </div>
</div>
`;
