// Jest Snapshot v1, https://goo.gl/fbAQLP

exports[`renders demo correctly 1`] = `
<div>
  <div>
    <div class="van-goods-action">
      <div role="button" tabindex="0" class="van-goods-action-icon">
        <div class="van-icon van-icon-chat-o van-goods-action-icon__icon">
          <!---->
        </div>客服
      </div>
      <div role="button" tabindex="0" class="van-goods-action-icon">
        <div class="van-icon van-icon-cart-o van-goods-action-icon__icon">
          <!---->
        </div>购物车
      </div>
      <div role="button" tabindex="0" class="van-goods-action-icon">
        <div class="van-icon van-icon-shop-o van-goods-action-icon__icon">
          <!---->
        </div>店铺
      </div> <button class="van-button van-button--danger van-button--large van-goods-action-button van-goods-action-button--first van-goods-action-button--last van-goods-action-button--danger">
        <div class="van-button__content"><span class="van-button__text">立即购买</span></div>
      </button>
    </div>
  </div>
  <div>
    <div class="van-goods-action">
      <div role="button" tabindex="0" class="van-goods-action-icon">
        <div class="van-icon van-icon-chat-o van-goods-action-icon__icon">
          <div class="van-info van-info--dot"></div>
        </div>客服
      </div>
      <div role="button" tabindex="0" class="van-goods-action-icon">
        <div class="van-icon van-icon-cart-o van-goods-action-icon__icon">
          <div class="van-info">5</div>
        </div>购物车
      </div>
      <div role="button" tabindex="0" class="van-goods-action-icon">
        <div class="van-icon van-icon-shop-o van-goods-action-icon__icon">
          <div class="van-info">12</div>
        </div>店铺
      </div> <button class="van-button van-button--warning van-button--large van-goods-action-button van-goods-action-button--first van-goods-action-button--warning">
        <div class="van-button__content"><span class="van-button__text">加入购物车</span></div>
      </button> <button class="van-button van-button--danger van-button--large van-goods-action-button van-goods-action-button--last van-goods-action-button--danger">
        <div class="van-button__content"><span class="van-button__text">立即购买</span></div>
      </button>
    </div>
  </div>
  <div>
    <div class="van-goods-action">
      <div role="button" tabindex="0" class="van-goods-action-icon">
        <div class="van-icon van-icon-chat-o van-goods-action-icon__icon" style="color: rgb(238, 10, 36);">
          <!---->
        </div>客服
      </div>
      <div role="button" tabindex="0" class="van-goods-action-icon">
        <div class="van-icon van-icon-cart-o van-goods-action-icon__icon">
          <!---->
        </div>购物车
      </div>
      <div role="button" tabindex="0" class="van-goods-action-icon">
        <div class="van-icon van-icon-star van-goods-action-icon__icon" style="color: rgb(255, 80, 0);">
          <!---->
        </div>已收藏
      </div> <button class="van-button van-button--warning van-button--large van-goods-action-button van-goods-action-button--first van-goods-action-button--warning">
        <div class="van-button__content"><span class="van-button__text">加入购物车</span></div>
      </button> <button class="van-button van-button--danger van-button--large van-goods-action-button van-goods-action-button--last van-goods-action-button--danger">
        <div class="van-button__content"><span class="van-button__text">立即购买</span></div>
      </button>
    </div>
  </div>
  <div>
    <div class="van-goods-action">
      <div role="button" tabindex="0" class="van-goods-action-icon">
        <div class="van-icon van-icon-chat-o van-goods-action-icon__icon">
          <!---->
        </div>客服
      </div>
      <div role="button" tabindex="0" class="van-goods-action-icon">
        <div class="van-icon van-icon-cart-o van-goods-action-icon__icon">
          <!---->
        </div>购物车
      </div> <button class="van-button van-button--warning van-button--large van-goods-action-button van-goods-action-button--first van-goods-action-button--warning" style="color: white; background: rgb(190, 153, 255); border-color: #be99ff;">
        <div class="van-button__content"><span class="van-button__text">加入购物车</span></div>
      </button> <button class="van-button van-button--danger van-button--large van-goods-action-button van-goods-action-button--last van-goods-action-button--danger" style="color: white; background: rgb(114, 50, 221); border-color: #7232dd;">
        <div class="van-button__content"><span class="van-button__text">立即购买</span></div>
      </button>
    </div>
  </div>
</div>
`;
