// Jest Snapshot v1, https://goo.gl/fbAQLP

exports[`should render title slot correctly 1`] = `<div class="van-picker__toolbar"><button type="button" class="van-picker__cancel">取消</button>Custom title<button type="button" class="van-picker__confirm">确认</button></div>`;

exports[`time type 1`] = `
<div class="van-picker van-datetime-picker">
  <div class="van-picker__toolbar"><button type="button" class="van-picker__cancel">取消</button><button type="button" class="van-picker__confirm">确认</button></div>
  <!---->
  <div class="van-picker__columns" style="height: 264px;">
    <div class="van-picker-column">
      <ul class="van-picker-column__wrapper" style="transform: translate3d(0, 110px, 0); transition-duration: 0ms; transition-property: none;">
        <li role="button" tabindex="0" class="van-picker-column__item van-picker-column__item--selected" style="height: 44px;">
          <div class="van-ellipsis">22</div>
        </li>
        <li role="button" tabindex="0" class="van-picker-column__item" style="height: 44px;">
          <div class="van-ellipsis">23</div>
        </li>
      </ul>
    </div>
    <div class="van-picker-column">
      <ul class="van-picker-column__wrapper" style="transform: translate3d(0, 110px, 0); transition-duration: 0ms; transition-property: none;">
        <li role="button" tabindex="0" class="van-picker-column__item van-picker-column__item--selected" style="height: 44px;">
          <div class="van-ellipsis">58</div>
        </li>
        <li role="button" tabindex="0" class="van-picker-column__item" style="height: 44px;">
          <div class="van-ellipsis">59</div>
        </li>
      </ul>
    </div>
    <div class="van-picker__mask" style="background-size: 100% 110px;"></div>
    <div class="van-hairline-unset--top-bottom van-picker__frame" style="height: 44px;"></div>
  </div>
  <!---->
</div>
`;
